sasikala@INBook_X1 MINGW64 ~/OneDrive/Desktop/New folder (master)
$ git init
Reinitialized existing Git repository in C:/Users/sasikala/OneDrive/Desktop/New folder/.git/

sasikala@INBook_X1 MINGW64 ~/OneDrive/Desktop/New folder (master)
$ git status
On branch master

No commits yet

Changes to be committed:
  (use "git rm --cached <file>..." to unstage)
        new file:   Code.txt

Untracked files:
  (use "git add <file>..." to include in what will be committed)
        Log.txt
        Output.txt


sasikala@INBook_X1 MINGW64 ~/OneDrive/Desktop/New folder (master)
$ git add output.txt

sasikala@INBook_X1 MINGW64 ~/OneDrive/Desktop/New folder (master)
$ git status
On branch master

No commits yet

Changes to be committed:
  (use "git rm --cached <file>..." to unstage)
        new file:   Code.txt

Untracked files:
  (use "git add <file>..." to include in what will be committed)
        Log.txt
        Output.txt


sasikala@INBook_X1 MINGW64 ~/OneDrive/Desktop/New folder (master)
$ git add Output.txt

sasikala@INBook_X1 MINGW64 ~/OneDrive/Desktop/New folder (master)
$ git status
On branch master

No commits yet

Changes to be committed:
  (use "git rm --cached <file>..." to unstage)
        new file:   Code.txt
        new file:   Output.txt

Untracked files:
  (use "git add <file>..." to include in what will be committed)
        Log.txt


sasikala@INBook_X1 MINGW64 ~/OneDrive/Desktop/New folder (master)
$ git commit -m "change for Code and Output"
[master (root-commit) c0022fc] change for Code and Output
 2 files changed, 0 insertions(+), 0 deletions(-)
 create mode 100644 Code.txt
 create mode 100644 Output.txt

sasikala@INBook_X1 MINGW64 ~/OneDrive/Desktop/New folder (master)
$ push origin master
bash: push: command not found

sasikala@INBook_X1 MINGW64 ~/OneDrive/Desktop/New folder (master)
$ git push origin master
fatal: 'origin' does not appear to be a git repository
fatal: Could not read from remote repository.

Please make sure you have the correct access rights
and the repository exists.

sasikala@INBook_X1 MINGW64 ~/OneDrive/Desktop/New folder (master)
$ git remote add origin https://github.com/sasikalachinnam/HandsOn01.git

sasikala@INBook_X1 MINGW64 ~/OneDrive/Desktop/New folder (master)
$ git push origin master
info: please complete authentication in your browser...
Enumerating objects: 3, done.
Counting objects: 100% (3/3), done.
Delta compression using up to 4 threads
Compressing objects: 100% (2/2), done.
Writing objects: 100% (3/3), 238 bytes | 238.00 KiB/s, done.
Total 3 (delta 0), reused 0 (delta 0), pack-reused 0
remote:
remote: Create a pull request for 'master' on GitHub by visiting:
remote:     https://github.com/sasikalachinnam/HandsOn01.git
remote:
To https://github.com/sasikalachinnam/HandsOn01.git
 * [new branch]      master -> master
